a: 3, b: 5, c: 

a + b: 8
a + b + 3: 11

a * b: 15
a * b * 2: 30
a * b + 5: 18
a * (b + 5): 30

a - b: -2
b - a: 2
a - b * 3: -12

!c: 1
